// Jest Snapshot v1, https://goo.gl/fbAQLP

exports[`renders Component matches the snapshot 1`] = `
<div>
  <div>
    Loading...
  </div>
</div>
`;
